PS C:\Users\Ramya M Acharya\OneDrive\.vscode\c-activity-sets\set02> gdb .\problem04.exe
GNU gdb (GDB) 10.2
Copyright (C) 2021 Free Software Foundation, Inc.
License GPLv3+: GNU GPL version 3 or later <http://gnu.org/licenses/gpl.html>
This is free software: you are free to change and redistribute it.
There is NO WARRANTY, to the extent permitted by law.
Type "show copying" and "show warranty" for details.
This GDB was configured as "x86_64-w64-mingw32".
Type "show configuration" for configuration details.
For bug reporting instructions, please see:
--Type <RET> for more, q to quit, c to continue without paging--c
<https://www.gnu.org/software/gdb/bugs/>.
Find the GDB manual and other documentation resources online at:
    <http://www.gnu.org/software/gdb/documentation/>.

For help, type "help".
Type "apropos word" to search for commands related to "word"...
Reading symbols from .\problem04.exe...
(gdb) b main
Breakpoint 1 at 0x14000176a: file .\problem04.c, line 43.
(gdb) r
Starting program: C:\Users\Ramya M Acharya\OneDrive\.vscode\c-activity-sets\set02\problem04.exe
[New Thread 19516.0x3e70]

Thread 1 hit Breakpoint 1, 0x00007ff72ddc176a in main () at .\problem04.c:43
43      int main() {
(gdb) n
44          int size = input_array_size();
(gdb) n
Enter the size of the array: 5
45          int array[size];
(gdb) n
46          input_array(size, array);
(gdb) n
Enter 5 elements of the array:
1 3 5 8 9
47          int sum = sum_composite_numbers(size, array);
(gdb) n
48          output(sum);
(gdb) n
Sum of composite numbers in the array: 17
49          return 0;
(gdb) n
50      }
(gdb) n
__tmainCRTStartup () at C:/crossdev/src/mingw-w64-v8-git/mingw-w64-crt/crt/crtexe.c:336
336     C:/crossdev/src/mingw-w64-v8-git/mingw-w64-crt/crt/crtexe.c: No such file or directory.
(gdb) quit
A debugging session is active.

        Inferior 1 [process 19516] will be killed.

Quit anyway? (y or n) y