PS C:\Users\Ramya M Acharya\OneDrive\.vscode\c-activity-sets\set02> gdb .\problem03.exe
GNU gdb (GDB) 10.2
Copyright (C) 2021 Free Software Foundation, Inc.
License GPLv3+: GNU GPL version 3 or later <http://gnu.org/licenses/gpl.html>
This is free software: you are free to change and redistribute it.
There is NO WARRANTY, to the extent permitted by law.
Type "show copying" and "show warranty" for details.
This GDB was configured as "x86_64-w64-mingw32".
Type "show configuration" for configuration details.
For bug reporting instructions, please see:
--Type <RET> for more, q to quit, c to continue without paging--c
<https://www.gnu.org/software/gdb/bugs/>.
Find the GDB manual and other documentation resources online at:
    <http://www.gnu.org/software/gdb/documentation/>.

For help, type "help".
Type "apropos word" to search for commands related to "word"...
Reading symbols from .\problem03.exe...
(gdb) b main
Breakpoint 1 at 0x1400016af: file .\problem03.c, line 33.
(gdb) r
Starting program: C:\Users\Ramya M Acharya\OneDrive\.vscode\c-activity-sets\set02\problem03.exe
[New Thread 9692.0x4d9c]

Thread 1 hit Breakpoint 1, main () at .\problem03.c:33
33          int number = input_number();
(gdb) n
Enter a number: 8
34          int result = is_composite(number);
(gdb) n
35          output(number, result);
(gdb) n
8 is a composite number.
36          return 0;
(gdb) n
37      }
(gdb) n
__tmainCRTStartup () at C:/crossdev/src/mingw-w64-v8-git/mingw-w64-crt/crt/crtexe.c:336
336     C:/crossdev/src/mingw-w64-v8-git/mingw-w64-crt/crt/crtexe.c: No such file or directory.
(gdb) quit
A debugging session is active.

        Inferior 1 [process 9692] will be killed.

Quit anyway? (y or n) y