PS C:\Users\Ramya M Acharya\OneDrive\.vscode\c-activity-sets\set02> gdb .\problem02.exe
GNU gdb (GDB) 10.2
Copyright (C) 2021 Free Software Foundation, Inc.
License GPLv3+: GNU GPL version 3 or later <http://gnu.org/licenses/gpl.html>
This is free software: you are free to change and redistribute it.
--Type <RET> for more, q to quit, c to continue without paging--c
There is NO WARRANTY, to the extent permitted by law.
Type "show copying" and "show warranty" for details.
This GDB was configured as "x86_64-w64-mingw32".
Type "show configuration" for configuration details.
For bug reporting instructions, please see:
<https://www.gnu.org/software/gdb/bugs/>.
Find the GDB manual and other documentation resources online at:
    <http://www.gnu.org/software/gdb/documentation/>.

For help, type "help".
Type "apropos word" to search for commands related to "word"...
Reading symbols from .\problem02.exe...
(gdb) b main
Breakpoint 1 at 0x1400016ab: file .\problem02.c, line 26.
(gdb) r
Starting program: C:\Users\Ramya M Acharya\OneDrive\.vscode\c-activity-sets\set02\problem02.exe
[New Thread 18380.0x2df8]

Thread 1 hit Breakpoint 1, main () at .\problem02.c:26
--Type <RET> for more, q to quit, c to continue without paging--c
26          int side1 = input_side();
(gdb) n
Enter the length of a side: 5
27          int side2 = input_side();
(gdb) n
Enter the length of a side: 4
28          int side3 = input_side();
(gdb) n
Enter the length of a side: 5
29          int isscalene = check_scalene(side1, side2, side3);
(gdb) n
30          output(side1, side2, side3, isscalene);
(gdb) n
Triangle with sides 5, 4, 5 is not scalene.
32          return 0;
(gdb) n
33      }
(gdb) n
__tmainCRTStartup () at C:/crossdev/src/mingw-w64-v8-git/mingw-w64-crt/crt/crtexe.c:336
336     C:/crossdev/src/mingw-w64-v8-git/mingw-w64-crt/crt/crtexe.c: No such file or directory.
(gdb) quit
A debugging session is active.

        Inferior 1 [process 18380] will be killed.

Quit anyway? (y or n) y