PS C:\Users\Ramya M Acharya\OneDrive\.vscode\c-activity-sets\set02> gdb .\problem07
GNU gdb (GDB) 10.2
Copyright (C) 2021 Free Software Foundation, Inc.
License GPLv3+: GNU GPL version 3 or later <http://gnu.org/licenses/gpl.html>
This is free software: you are free to change and redistribute it.
There is NO WARRANTY, to the extent permitted by law.
Type "show copying" and "show warranty" for details.
This GDB was configured as "x86_64-w64-mingw32".
Type "show configuration" for configuration details.
For bug reporting instructions, please see:
--Type <RET> for more, q to quit, c to continue without paging--c
<https://www.gnu.org/software/gdb/bugs/>.
Find the GDB manual and other documentation resources online at:
    <http://www.gnu.org/software/gdb/documentation/>.

For help, type "help".
Type "apropos word" to search for commands related to "word"...
Reading symbols from .\problem07...
(gdb) b main
Breakpoint 1 at 0x14000172d: file .\problem07.c, line 27.
(gdb) r
Starting program: C:\Users\Ramya M Acharya\OneDrive\.vscode\c-activity-sets\set02\problem07.exe
[New Thread 14824.0xc10]

Thread 1 hit Breakpoint 1, main () at .\problem07.c:27
27          Triangle myTriangle = input_triangle();
(gdb) n
Enter the base of the triangle: 2
Enter the altitude of the triangle: 3
28          find_area(&myTriangle);
(gdb) n
29          output(myTriangle);
(gdb) n
Base: 2.00
Altitude: 3.00
Area of the triangle: 3.00
31          return 0;
(gdb) n
32      }
(gdb) n
__tmainCRTStartup () at C:/crossdev/src/mingw-w64-v8-git/mingw-w64-crt/crt/crtexe.c:336
336     C:/crossdev/src/mingw-w64-v8-git/mingw-w64-crt/crt/crtexe.c: No such file or directory.
(gdb) quit
A debugging session is active.

        Inferior 1 [process 14824] will be killed.

Quit anyway? (y or n) y