PS C:\Users\Ramya M Acharya\OneDrive\.vscode\c-activity-sets\set02> gdb .\problem05.exe
GNU gdb (GDB) 10.2
Copyright (C) 2021 Free Software Foundation, Inc.
License GPLv3+: GNU GPL version 3 or later <http://gnu.org/licenses/gpl.html>
This is free software: you are free to change and redistribute it.
There is NO WARRANTY, to the extent permitted by law.
Type "show copying" and "show warranty" for details.
This GDB was configured as "x86_64-w64-mingw32".
Type "show configuration" for configuration details.
For bug reporting instructions, please see:
--Type <RET> for more, q to quit, c to continue without paging--c
<https://www.gnu.org/software/gdb/bugs/>.
Find the GDB manual and other documentation resources online at:
    <http://www.gnu.org/software/gdb/documentation/>.

For help, type "help".
Type "apropos word" to search for commands related to "word"...
Reading symbols from .\problem05.exe...
(gdb) b main
Breakpoint 1 at 0x140001688: file .\problem05.c, line 24.
(gdb) r
Starting program: C:\Users\Ramya M Acharya\OneDrive\.vscode\c-activity-sets\set02\problem05.exe
[New Thread 10144.0x5138]

Thread 1 hit Breakpoint 1, main () at .\problem05.c:24
24          int num1 = input();
(gdb) n
Enter a number: 12
25          int num2 = input();
(gdb) n
Enter a number: 16
26          int gcd = find_gcd(num1, num2);
(gdb) n
27          output(num1, num2, gcd);
(gdb) n
GCD of 12 and 16 is: 4
28          return 0;
(gdb) n
29      }
(gdb) n
__tmainCRTStartup () at C:/crossdev/src/mingw-w64-v8-git/mingw-w64-crt/crt/crtexe.c:336
336     C:/crossdev/src/mingw-w64-v8-git/mingw-w64-crt/crt/crtexe.c: No such file or directory.
(gdb) quit
A debugging session is active.

        Inferior 1 [process 10144] will be killed.

Quit anyway? (y or n) y