PS C:\Users\Ramya M Acharya\OneDrive\.vscode\c-activity-sets\set02> gdb .\problem01.exe
GNU gdb (GDB) 10.2
Copyright (C) 2021 Free Software Foundation, Inc.
License GPLv3+: GNU GPL version 3 or later <http://gnu.org/licenses/gpl.html>
This is free software: you are free to change and redistribute it.
There is NO WARRANTY, to the extent permitted by law.
Type "show copying" and "show warranty" for details.
This GDB was configured as "x86_64-w64-mingw32".
Type "show configuration" for configuration details.
--Type <RET> for more, q to quit, c to continue without paging--c
For bug reporting instructions, please see:
<https://www.gnu.org/software/gdb/bugs/>.
Find the GDB manual and other documentation resources online at:
    <http://www.gnu.org/software/gdb/documentation/>.

For help, type "help".
Type "apropos word" to search for commands related to "word"...
Reading symbols from .\problem01.exe...
(gdb) b main
Breakpoint 1 at 0x14000171d: file .\problem01.c, line 23.
(gdb) r
Starting program: C:\Users\Ramya M Acharya\OneDrive\.vscode\c-activity-sets\set02\problem01.exe
[New Thread 11348.0x28d0]

Thread 1 hit Breakpoint 1, main () at .\problem01.c:23
23          input(&base, &height);
(gdb) n
Enter the base of the triangle: 1
Enter the height of the triangle: 2
24          find_area(base, height, &area);
(gdb) n
25          output(base, height, area);
(gdb) n

Base: 1.00
Height: 2.00
Area: 1.00
26          return 0;
(gdb) n
27      }
(gdb) n
__tmainCRTStartup () at C:/crossdev/src/mingw-w64-v8-git/mingw-w64-crt/crt/crtexe.c:336
336     C:/crossdev/src/mingw-w64-v8-git/mingw-w64-crt/crt/crtexe.c: No such file or directory.
(gdb) quit
A debugging session is active.

        Inferior 1 [process 11348] will be killed.

Quit anyway? (y or n) y