PS C:\Users\Ramya M Acharya\OneDrive\.vscode\c-activity-sets\set04> gdb problem03.exe
GNU gdb (GDB) 10.2
Copyright (C) 2021 Free Software Foundation, Inc.
License GPLv3+: GNU GPL version 3 or later <http://gnu.org/licenses/gpl.html>
This is free software: you are free to change and redistribute it.
There is NO WARRANTY, to the extent permitted by law.
Type "show copying" and "show warranty" for details.
This GDB was configured as "x86_64-w64-mingw32".
Type "show configuration" for configuration details.
--Type <RET> for more, q to quit, c to continue without paging--c
For bug reporting instructions, please see:
<https://www.gnu.org/software/gdb/bugs/>.
Find the GDB manual and other documentation resources online at:
    <http://www.gnu.org/software/gdb/documentation/>.

For help, type "help".
Type "apropos word" to search for commands related to "word"...
Reading symbols from problem03.exe...
(gdb) b main
Breakpoint 1 at 0x1400016c9: file problem03.c, line 24.
(gdb) r
Starting program: C:\Users\Ramya M Acharya\OneDrive\.vscode\c-activity-sets\set04\problem03.exe 
[New Thread 22876.0x2018]

Thread 1 hit Breakpoint 1, main () at problem03.c:24
24          input_n_and_r(&n, &r);
(gdb) n
Enter the value of n: 6
Enter the value of r: 3
25          int result = nCr(n, r);
(gdb) n
26          output(n, r, result);
(gdb) n
The value of 6C3 is: 20
27          return 0;
(gdb) n
28      }
(gdb) n
__tmainCRTStartup () at C:/crossdev/src/mingw-w64-v8-git/mingw-w64-crt/crt/crtexe.c:336
336     C:/crossdev/src/mingw-w64-v8-git/mingw-w64-crt/crt/crtexe.c: No such file or directory.
(gdb) quit
A debugging session is active.

        Inferior 1 [process 22876] will be killed.

Quit anyway? (y or n) y