PS C:\Users\Ramya M Acharya\OneDrive\.vscode\c-activity-sets\set04> gdb .\problem01.exe
GNU gdb (GDB) 10.2
Copyright (C) 2021 Free Software Foundation, Inc.
License GPLv3+: GNU GPL version 3 or later <http://gnu.org/licenses/gpl.html>
This is free software: you are free to change and redistribute it.
There is NO WARRANTY, to the extent permitted by law.
Type "show copying" and "show warranty" for details.
This GDB was configured as "x86_64-w64-mingw32".
Type "show configuration" for configuration details.
For bug reporting instructions, please see:
--Type <RET> for more, q to quit, c to continue without paging--c
<https://www.gnu.org/software/gdb/bugs/>.
Find the GDB manual and other documentation resources online at:
    <http://www.gnu.org/software/gdb/documentation/>.

For help, type "help".
Type "apropos word" to search for commands related to "word"...
Reading symbols from .\problem01.exe...
(gdb) b main
Breakpoint 1 at 0x1400016e0: file .\problem01.c, line 23.
(gdb) r
Starting program: C:\Users\Ramya M Acharya\OneDrive\.vscode\c-activity-sets\set04\problem01.exe
[New Thread 17576.0x940]

Thread 1 hit Breakpoint 1, main () at .\problem01.c:23
23          input(&num1, &den1, &num2, &den2);
(gdb) n
Enter the first fraction (numerator/denominator): 1/2
Enter the second fraction (numerator/denominator): 1/4
24          add(num1, den1, num2, den2, &res_num, &res_den);
(gdb) n
25          output(num1, den1, num2, den2, res_num, res_den);
(gdb) n
The sum of 1/2 and 1/4 is 6/8
26          return 0;
(gdb) n
27      }
(gdb) n
__tmainCRTStartup () at C:/crossdev/src/mingw-w64-v8-git/mingw-w64-crt/crt/crtexe.c:336
336     C:/crossdev/src/mingw-w64-v8-git/mingw-w64-crt/crt/crtexe.c: No such file or directory.
(gdb) quit
A debugging session is active.

        Inferior 1 [process 17576] will be killed.

Quit anyway? (y or n) y