PS C:\Users\Ramya M Acharya\OneDrive\.vscode\c-activity-sets\set03> gdb .\problem05.exe
GNU gdb (GDB) 10.2
Copyright (C) 2021 Free Software Foundation, Inc.
License GPLv3+: GNU GPL version 3 or later <http://gnu.org/licenses/gpl.html>
This is free software: you are free to change and redistribute it.
There is NO WARRANTY, to the extent permitted by law.
Type "show copying" and "show warranty" for details.
This GDB was configured as "x86_64-w64-mingw32".
Type "show configuration" for configuration details.
For bug reporting instructions, please see:
--Type <RET> for more, q to quit, c to continue without paging--c
<https://www.gnu.org/software/gdb/bugs/>.
Find the GDB manual and other documentation resources online at:
    <http://www.gnu.org/software/gdb/documentation/>.

For help, type "help".
Type "apropos word" to search for commands related to "word"...
Reading symbols from .\problem05.exe...
(gdb) b main
Breakpoint 1 at 0x14000173b: file .\problem05.c, line 40.
(gdb) r
Starting program: C:\Users\Ramya M Acharya\OneDrive\.vscode\c-activity-sets\set03\problem05.exe
[New Thread 8380.0x46b8]

Thread 1 hit Breakpoint 1, 0x00007ff6a44f173b in main () at .\problem05.c:40
40      int main() {
(gdb) n
41          int n = input_array_size();
(gdb) n
Enter the value of n: 15
42          bool prime[n+1];
(gdb)
43          init_array(n, prime);
(gdb)
44          eratosthenes_sieve(n, prime);
(gdb) n
45          output(n, prime);
(gdb) n
Prime numbers between 2 and 15 are: 2 3 5 7 11 13
46          return 0;
(gdb) n
47      }
(gdb) n
__tmainCRTStartup () at C:/crossdev/src/mingw-w64-v8-git/mingw-w64-crt/crt/crtexe.c:336
336     C:/crossdev/src/mingw-w64-v8-git/mingw-w64-crt/crt/crtexe.c: No such file or directory.
(gdb) quit
A debugging session is active.

        Inferior 1 [process 8380] will be killed.

Quit anyway? (y or n) y