PS C:\Users\Ramya M Acharya\OneDrive\.vscode\c-activity-sets\set03> gdb .\problem06.exe
GNU gdb (GDB) 10.2
Copyright (C) 2021 Free Software Foundation, Inc.
License GPLv3+: GNU GPL version 3 or later <http://gnu.org/licenses/gpl.html>
This is free software: you are free to change and redistribute it.
There is NO WARRANTY, to the extent permitted by law.
Type "show copying" and "show warranty" for details.
This GDB was configured as "x86_64-w64-mingw32".
Type "show configuration" for configuration details.
For bug reporting instructions, please see:
--Type <RET> for more, q to quit, c to continue without paging--c
<https://www.gnu.org/software/gdb/bugs/>.
Find the GDB manual and other documentation resources online at:
    <http://www.gnu.org/software/gdb/documentation/>.

For help, type "help".
Type "apropos word" to search for commands related to "word"...
Reading symbols from .\problem06.exe...
(gdb) b main
Breakpoint 1 at 0x1400016dd: file .\problem06.c, line 37.
(gdb) r
Starting program: C:\Users\Ramya M Acharya\OneDrive\.vscode\c-activity-sets\set03\problem06.exe
[New Thread 21544.0x39e4]

Thread 1 hit Breakpoint 1, main () at .\problem06.c:37
37          input_string(string, substring);
(gdb) n
Enter a string: helloworldhello
Enter a substring: world
38          index = sub_str_index(string, substring);
(gdb) n
39          output(string, substring, index);
(gdb) n
'world' found in 'helloworldhello' at index 5.
41          return 0;
(gdb) n
42      }
(gdb) n
__tmainCRTStartup () at C:/crossdev/src/mingw-w64-v8-git/mingw-w64-crt/crt/crtexe.c:336
336     C:/crossdev/src/mingw-w64-v8-git/mingw-w64-crt/crt/crtexe.c: No such file or directory.
(gdb) quit
A debugging session is active.

        Inferior 1 [process 21544] will be killed.

Quit anyway? (y or n) y