PS C:\Users\Ramya M Acharya\OneDrive\.vscode\c-activity-sets\set01> gdb .\problem11.exe
GNU gdb (GDB) 10.2
Copyright (C) 2021 Free Software Foundation, Inc.
License GPLv3+: GNU GPL version 3 or later <http://gnu.org/licenses/gpl.html>
This is free software: you are free to change and redistribute it.
There is NO WARRANTY, to the extent permitted by law.
Type "show copying" and "show warranty" for details.
This GDB was configured as "x86_64-w64-mingw32".
Type "show configuration" for configuration details.
For bug reporting instructions, please see:
<https://www.gnu.org/software/gdb/bugs/>.
--Type <RET> for more, q to quit, c to continue without paging--c
Find the GDB manual and other documentation resources online at:
    <http://www.gnu.org/software/gdb/documentation/>.

For help, type "help".
Type "apropos word" to search for commands related to "word"...
Reading symbols from .\problem11.exe...
(gdb) b main
Breakpoint 1 at 0x140001736: file .\problem11.c, line 25.
(gdb) r
Starting program: C:\Users\Ramya M Acharya\OneDrive\.vscode\c-activity-sets\set01\problem11.exe
[New Thread 9644.0x66f0]

Thread 1 hit Breakpoint 1, main () at .\problem11.c:25
25       num1 = input_complex();
(gdb) n
Enter real and imaginary parts: 2 3
26       num2 = input_complex();
(gdb) n
Enter real and imaginary parts: 4 5
27       sum = add_complex(num1, num2);
(gdb) n
28       output(num1, num2, sum);
(gdb) n
The sum of 2.0+3.0i and 4.0+5.0i is 6.0+8.0i
29       return 0;
(gdb) n
30      }
(gdb) n
__tmainCRTStartup () at C:/crossdev/src/mingw-w64-v8-git/mingw-w64-crt/crt/crtexe.c:336
336     C:/crossdev/src/mingw-w64-v8-git/mingw-w64-crt/crt/crtexe.c: No such file or directory.
(gdb) quit
A debugging session is active.

        Inferior 1 [process 9644] will be killed.

Quit anyway? (y or n) y