PS C:\Users\Ramya M Acharya\OneDrive\.vscode\c-activity-sets\set01> gdb .\problem04.exe
GNU gdb (GDB) 10.2
Copyright (C) 2021 Free Software Foundation, Inc.
License GPLv3+: GNU GPL version 3 or later <http://gnu.org/licenses/gpl.html>
This is free software: you are free to change and redistribute it.
There is NO WARRANTY, to the extent permitted by law.
Type "show copying" and "show warranty" for details.
This GDB was configured as "x86_64-w64-mingw32".
Type "show configuration" for configuration details.
For bug reporting instructions, please see:
<https://www.gnu.org/software/gdb/bugs/>.
Find the GDB manual and other documentation resources online at:
    <http://www.gnu.org/software/gdb/documentation/>.
--Type <RET> for more, q to quit, c to continue without paging--c

For help, type "help".
Type "apropos word" to search for commands related to "word"...
Reading symbols from .\problem04.exe...
(gdb) b main
Breakpoint 1 at 0x14000167c: file .\problem04.c, line 19.
(gdb) r
Starting program: C:\Users\Ramya M Acharya\OneDrive\.vscode\c-activity-sets\set01\problem04.exe 
[New Thread 10252.0x66bc]

Thread 1 hit Breakpoint 1, main () at .\problem04.c:19
19        input(&a,&b);
(gdb) n
enter one number
6
7
20        add(a,b,&sum);
(gdb) n
21        output(a,b,sum);
(gdb) n
the sum of 6 and 7 is 13
22        return 0;
(gdb) n
23      }
(gdb) n
__tmainCRTStartup () at C:/crossdev/src/mingw-w64-v8-git/mingw-w64-crt/crt/crtexe.c:336
336     C:/crossdev/src/mingw-w64-v8-git/mingw-w64-crt/crt/crtexe.c: No such file or directory.
(gdb) quit
A debugging session is active.

        Inferior 1 [process 10252] will be killed.

Quit anyway? (y or n) y