PS C:\Users\Ramya M Acharya\OneDrive\.vscode\c-activity-sets\set01> gdb .\problem09
GNU gdb (GDB) 10.2
Copyright (C) 2021 Free Software Foundation, Inc.
License GPLv3+: GNU GPL version 3 or later <http://gnu.org/licenses/gpl.html>
This is free software: you are free to change and redistribute it.
There is NO WARRANTY, to the extent permitted by law.
Type "show copying" and "show warranty" for details.
This GDB was configured as "x86_64-w64-mingw32".
Type "show configuration" for configuration details.
For bug reporting instructions, please see:
<https://www.gnu.org/software/gdb/bugs/>.
--Type <RET> for more, q to quit, c to continue without paging--c
Find the GDB manual and other documentation resources online at:
    <http://www.gnu.org/software/gdb/documentation/>.

For help, type "help".
Type "apropos word" to search for commands related to "word"...
Reading symbols from .\problem09...
(gdb) b main
Breakpoint 1 at 0x14000171b: file .\problem09.c, line 33.
(gdb) r
Starting program: C:\Users\Ramya M Acharya\OneDrive\.vscode\c-activity-sets\set01\problem09.exe
[New Thread 17608.0x3d3c]

Thread 1 hit Breakpoint 1, main () at .\problem09.c:33
33          inp=input();
(gdb) n
enter the number
49
34          sqrrt=square_root(inp);
(gdb) n
35          output(inp,sqrrt);
(gdb) n
the squareroot of 49.000000  is  7.00000036         return 0; 
(gdb) n
37      }
(gdb) n
__tmainCRTStartup () at C:/crossdev/src/mingw-w64-v8-git/mingw-w64-crt/crt/crtexe.c:336
336     C:/crossdev/src/mingw-w64-v8-git/mingw-w64-crt/crt/crtexe.c: No such file or directory.
(gdb) quit
A debugging session is active.

        Inferior 1 [process 17608] will be killed.

Quit anyway? (y or n) y