PS C:\Users\Ramya M Acharya\OneDrive\.vscode\c-activity-sets\set01> gdb .\problem08.exe
GNU gdb (GDB) 10.2
Copyright (C) 2021 Free Software Foundation, Inc.
License GPLv3+: GNU GPL version 3 or later <http://gnu.org/licenses/gpl.html>
This is free software: you are free to change and redistribute it.
There is NO WARRANTY, to the extent permitted by law.
Type "show copying" and "show warranty" for details.
This GDB was configured as "x86_64-w64-mingw32".
Type "show configuration" for configuration details.
--Type <RET> for more, q to quit, c to continue without paging--c
For bug reporting instructions, please see:
<https://www.gnu.org/software/gdb/bugs/>.
Find the GDB manual and other documentation resources online at:
    <http://www.gnu.org/software/gdb/documentation/>.

For help, type "help".
Type "apropos word" to search for commands related to "word"...
Reading symbols from .\problem08.exe...
(gdb) b main
Breakpoint 1 at 0x140001752: file .\problem08.c, line 32.
(gdb) r
Starting program: C:\Users\Ramya M Acharya\OneDrive\.vscode\c-activity-sets\set01\problem08.exe
[New Thread 25464.0xb88]

Thread 1 hit Breakpoint 1, 0x00007ff7eb721752 in main () at .\problem08.c:32
32      int main() {
(gdb) n
34       n = input_array_size();
(gdb) n
Enter a number of elements:
5
35       int a[n];
(gdb) n
36       input_array(n, a);
(gdb) n
Enter 5 numbers:
3
5
6
7
2
37       int sum = sum_n_array(n,a);
(gdb) n
38       output(n,a,sum);
(gdb) n
entered 5 numbers: 3 5 6 7 2
The sum of these numbers is: 23
39       return 0;
(gdb) n
40      }
(gdb) n
__tmainCRTStartup () at C:/crossdev/src/mingw-w64-v8-git/mingw-w64-crt/crt/crtexe.c:336
336     C:/crossdev/src/mingw-w64-v8-git/mingw-w64-crt/crt/crtexe.c: No such file or directory.
(gdb) quit
A debugging session is active.

        Inferior 1 [process 25464] will be killed.

Quit anyway? (y or n) y