PS C:\Users\Ramya M Acharya\OneDrive\.vscode\c-activity-sets\set01> gdb .\problem10.exe
GNU gdb (GDB) 10.2
Copyright (C) 2021 Free Software Foundation, Inc.
License GPLv3+: GNU GPL version 3 or later <http://gnu.org/licenses/gpl.html>
This is free software: you are free to change and redistribute it.
There is NO WARRANTY, to the extent permitted by law.
Type "show copying" and "show warranty" for details.
This GDB was configured as "x86_64-w64-mingw32".
Type "show configuration" for configuration details.
For bug reporting instructions, please see:
<https://www.gnu.org/software/gdb/bugs/>.
--Type <RET> for more, q to quit, c to continue without paging--c
Find the GDB manual and other documentation resources online at:
    <http://www.gnu.org/software/gdb/documentation/>.

For help, type "help".
Type "apropos word" to search for commands related to "word"...
Reading symbols from .\problem10.exe...
(gdb) b main
Breakpoint 1 at 0x140001790: file .\problem10.c, line 36.
(gdb) r
Starting program: C:\Users\Ramya M Acharya\OneDrive\.vscode\c-activity-sets\set01\problem10.exe
[New Thread 20168.0x4588]

Thread 1 hit Breakpoint 1, main () at .\problem10.c:36
36          input_two_strings(string1, string2);
(gdb) n
Enter the first string
hello
Enter the second string
world
37          result=stringcompare(string1, string2);
(gdb) n
38          printf("result is %d\n", result);
(gdb) n
result is 2
39          output(string1, string2, result);
(gdb) n
world is greater than hello
40          return 0;
(gdb) n
42      }
(gdb) n
__tmainCRTStartup () at C:/crossdev/src/mingw-w64-v8-git/mingw-w64-crt/crt/crtexe.c:336
336     C:/crossdev/src/mingw-w64-v8-git/mingw-w64-crt/crt/crtexe.c: No such file or directory.
(gdb) quit
A debugging session is active.

        Inferior 1 [process 20168] will be killed.

Quit anyway? (y or n) y