PS C:\Users\Ramya M Acharya\OneDrive\.vscode\c-activity-sets\set01> gdb .\problem05.exe
GNU gdb (GDB) 10.2
Copyright (C) 2021 Free Software Foundation, Inc.
License GPLv3+: GNU GPL version 3 or later <http://gnu.org/licenses/gpl.html>
This is free software: you are free to change and redistribute it.
There is NO WARRANTY, to the extent permitted by law.
Type "show copying" and "show warranty" for details.
This GDB was configured as "x86_64-w64-mingw32".
Type "show configuration" for configuration details.
For bug reporting instructions, please see:
<https://www.gnu.org/software/gdb/bugs/>.
Find the GDB manual and other documentation resources online at:
    <http://www.gnu.org/software/gdb/documentation/>.
--Type <RET> for more, q to quit, c to continue without paging--c

For help, type "help".
Type "apropos word" to search for commands related to "word"...
Reading symbols from .\problem05.exe...
(gdb) b main
Breakpoint 1 at 0x14000169b: file .\problem05.c, line 29.
(gdb) r
Starting program: C:\Users\Ramya M Acharya\OneDrive\.vscode\c-activity-sets\set01\problem05.exe 
[New Thread 21244.0x1f8c]

Thread 1 hit Breakpoint 1, main () at .\problem05.c:29
29        a=input();
(gdb) n
Enter the number
3
30        b=input();
(gdb) 5
Undefined command: "5".  Try "help".
(gdb) n
Enter the number
5
31        c=input();
(gdb) n
Enter the number
7
32        largest=compare(a,b,c);
(gdb) n
33        output(a,b,c,largest);
(gdb) n
the largest number among 3,5 and 7 is 7
34        return 0;
(gdb) n
35      }
(gdb) n
__tmainCRTStartup () at C:/crossdev/src/mingw-w64-v8-git/mingw-w64-crt/crt/crtexe.c:336
336     C:/crossdev/src/mingw-w64-v8-git/mingw-w64-crt/crt/crtexe.c: No such file or directory.
(gdb) quit
A debugging session is active.

        Inferior 1 [process 21244] will be killed.

Quit anyway? (y or n) y