PS C:\Users\Ramya M Acharya\OneDrive\.vscode\c-activity-sets\set01> gdb .\problem12.exe
GNU gdb (GDB) 10.2
Copyright (C) 2021 Free Software Foundation, Inc.
License GPLv3+: GNU GPL version 3 or later <http://gnu.org/licenses/gpl.html>
This is free software: you are free to change and redistribute it.
There is NO WARRANTY, to the extent permitted by law.
Type "show copying" and "show warranty" for details.
This GDB was configured as "x86_64-w64-mingw32".
Type "show configuration" for configuration details.
For bug reporting instructions, please see:
<https://www.gnu.org/software/gdb/bugs/>.
--Type <RET> for more, q to quit, c to continue without paging--c
Find the GDB manual and other documentation resources online at:
    <http://www.gnu.org/software/gdb/documentation/>.

For help, type "help".
Type "apropos word" to search for commands related to "word"...
Reading symbols from .\problem12.exe...
(gdb) b main
Breakpoint 1 at 0x1400018af: file .\problem12.c, line 64.
(gdb) r
Starting program: C:\Users\Ramya M Acharya\OneDrive\.vscode\c-activity-sets\set01\problem12.exe
[New Thread 21916.0x349c]

Thread 1 hit Breakpoint 1, 0x00007ff7ff6918af in main () at .\problem12.c:64
64      {
(gdb) n
65       int n = get_n();
(gdb) n
Enter the number of values: 3
66       Complex complex_no[n];
(gdb) n
67       input_n_complex(n, complex_no);
(gdb) n
Complex number 1:
Enter the real part: 2
Enter the imaginary part: 3
Complex number 2:
Enter the real part: 4
Enter the imaginary part: 5
Complex number 3:
Enter the real part: 6
Enter the imaginary part: 7
68       Complex sum = add_n_complex(n, complex_no);
(gdb) n
69       output(n, complex_no,sum);
(gdb) n
Sum of 3 complex numbers:
(2.00 + 3.00i) +(4.00 + 5.00i) +(6.00 + 7.00i) =(12.00 + 15.00i)
70       return 0;
(gdb) n
71      }
(gdb) n
__tmainCRTStartup () at C:/crossdev/src/mingw-w64-v8-git/mingw-w64-crt/crt/crtexe.c:336
336     C:/crossdev/src/mingw-w64-v8-git/mingw-w64-crt/crt/crtexe.c: No such file or directory.
(gdb) quit
A debugging session is active.

        Inferior 1 [process 21916] will be killed.

Quit anyway? (y or n) y